../Core/Src/main.c:61:6:HAL_UARTEx_RxEventCallback	16	static
../Core/Src/main.c:71:6:HAL_TIM_PeriodElapsedCallback	16	static
../Core/Src/main.c:75:6:sendData	32	static
../Core/Src/main.c:79:6:testLED1	8	static
../Core/Src/main.c:87:6:testLED2	8	static
../Core/Src/main.c:96:6:HAL_UART_RxCpltCallback	16	static,ignoring_inline_asm
../Core/Src/main.c:106:5:main	8	static
../Core/Src/main.c:170:6:SystemClock_Config	72	static
../Core/Src/main.c:207:13:MX_TIM2_Init	32	static
../Core/Src/main.c:252:13:MX_USART1_UART_Init	8	static
../Core/Src/main.c:283:13:MX_DMA_Init	16	static
../Core/Src/main.c:301:13:MX_GPIO_Init	32	static
../Core/Src/main.c:343:6:Error_Handler	4	static,ignoring_inline_asm
